// Jest Snapshot v1, https://goo.gl/fbAQLP

exports[`Card renders correctly 1`] = `
<DocumentFragment>
  <section
    class="cards"
  >
    <p>
      Loading...
    </p>
  </section>
</DocumentFragment>
`;
